<html>
<body>
<pre>
<h1>µVision Build Log</h1>
<h2>Project:</h2>
C:\Users\jiaen\Desktop\Uni stuff\ELEC\DESN2000\doorbell\project.uvproj
Project File Date:  07/27/2025

<h2>Output:</h2>
Build target 'QVGA Base Board'
compiling main.c...
src\main.c(26): warning:  #111-D: statement is unreachable
compiling doorbell.c...
src\doorbell.c(56): warning:  #223-D: function "touch_get_pressure" declared implicitly
compiling touch.c...
src\touch.c(30): warning:  #61-D: integer operation result is out of range
src\touch.c(30): warning:  #68-D: integer conversion resulted in a change of sign
src\touch.c(72): warning:  #191-D: type qualifier is meaningless on cast type
compiling timer.c...
compiling font5x7.c...
compiling lcd_grph.c...
compiling lcd_hw.c...
compiling sdram.c...
linking...
Program Size: Code=11060 RO-data=808 RW-data=20044 ZI-data=620  
".\output\project.axf" - 0 Error(s), 5 Warning(s).
Load "C:\\Users\\jiaen\\Desktop\\Uni stuff\\ELEC\\DESN2000\\doorbell\\output\\project.AXF" 
Internal DLL Error
Build target 'QVGA Base Board'
compiling doorbell.c...
src\doorbell.c(9): error:  #5: cannot open source input file "songs.h": No such file or directory
compiling songs.c...
src\songs.c(1): error:  #5: cannot open source input file "songs.h": No such file or directory
Target not created
Build target 'QVGA Base Board'
compiling doorbell.c...
src\doorbell.c(62): warning:  #223-D: function "touch_get_pressure" declared implicitly
src\doorbell.c(89): error:  #20: identifier "OFF" is undefined
src\doorbell.c(122): error: At end of source:  #67: expected a "}"
src\doorbell.c(29): warning:  #177-D: variable "i" was declared but never referenced
compiling songs.c...
Target not created
Build target 'QVGA Base Board'
compiling doorbell.c...
src\doorbell.c(62): warning:  #223-D: function "touch_get_pressure" declared implicitly
src\doorbell.c(89): error:  #20: identifier "OFF" is undefined
src\doorbell.c(29): warning:  #177-D: variable "i" was declared but never referenced
Target not created
Build target 'QVGA Base Board'
compiling doorbell.c...
src\doorbell.c(65): warning:  #223-D: function "touch_get_pressure" declared implicitly
src\doorbell.c(32): warning:  #177-D: variable "i" was declared but never referenced
linking...
Program Size: Code=11352 RO-data=808 RW-data=4276 ZI-data=620  
".\output\project.axf" - 0 Error(s), 2 Warning(s).
Build target 'QVGA Base Board'
compiling doorbell.c...
src\doorbell.c(64): warning:  #223-D: function "touch_get_pressure" declared implicitly
linking...
Program Size: Code=11352 RO-data=808 RW-data=4272 ZI-data=616  
".\output\project.axf" - 0 Error(s), 1 Warning(s).
Build target 'QVGA Base Board'
compiling main.c...
src\touch.h(3): warning:  #1-D: last line of file ends without a newline
src\main.c(26): warning:  #111-D: statement is unreachable
compiling doorbell.c...
src\touch.h(3): warning:  #1-D: last line of file ends without a newline
compiling touch.c...
src\touch.h(3): warning:  #1-D: last line of file ends without a newline
src\touch.c(30): warning:  #61-D: integer operation result is out of range
src\touch.c(30): warning:  #68-D: integer conversion resulted in a change of sign
src\touch.c(72): warning:  #191-D: type qualifier is meaningless on cast type
linking...
Program Size: Code=11352 RO-data=808 RW-data=4272 ZI-data=616  
".\output\project.axf" - 0 Error(s), 7 Warning(s).
Build target 'QVGA Base Board'
compiling main.c...
src\main.c(26): warning:  #111-D: statement is unreachable
compiling doorbell.c...
compiling touch.c...
src\touch.c(30): warning:  #61-D: integer operation result is out of range
src\touch.c(30): warning:  #68-D: integer conversion resulted in a change of sign
src\touch.c(72): warning:  #191-D: type qualifier is meaningless on cast type
linking...
Program Size: Code=11352 RO-data=808 RW-data=4272 ZI-data=616  
".\output\project.axf" - 0 Error(s), 4 Warning(s).
Build target 'QVGA Base Board'
compiling main.c...
src\main.c(26): warning:  #111-D: statement is unreachable
compiling doorbell.c...
compiling touch.c...
src\touch.c(30): warning:  #61-D: integer operation result is out of range
src\touch.c(30): warning:  #68-D: integer conversion resulted in a change of sign
src\touch.c(72): warning:  #191-D: type qualifier is meaningless on cast type
linking...
Program Size: Code=11352 RO-data=808 RW-data=4272 ZI-data=616  
".\output\project.axf" - 0 Error(s), 4 Warning(s).
Build target 'QVGA Base Board'
compiling main.c...
src\main.c(26): warning:  #111-D: statement is unreachable
src\main.c(26): warning:  #117-D: non-void function "main" should return a value
linking...
Program Size: Code=11352 RO-data=808 RW-data=4272 ZI-data=616  
".\output\project.axf" - 0 Error(s), 2 Warning(s).
Build target 'QVGA Base Board'
compiling main.c...
src\main.c(26): warning:  #111-D: statement is unreachable
linking...
Program Size: Code=11352 RO-data=808 RW-data=4272 ZI-data=616  
".\output\project.axf" - 0 Error(s), 1 Warning(s).
Build target 'QVGA Base Board'
compiling main.c...
linking...
Program Size: Code=11352 RO-data=808 RW-data=4272 ZI-data=616  
".\output\project.axf" - 0 Error(s), 0 Warning(s).
Load "C:\\Users\\jiaen\\Desktop\\Uni stuff\\ELEC\\DESN2000\\doorbell\\output\\project.AXF" 
Internal DLL Error
Build target 'QVGA Base Board'
linking...
Program Size: Code=11352 RO-data=808 RW-data=4272 ZI-data=616  
".\output\project.axf" - 0 Error(s), 0 Warning(s).
Build target 'QVGA Base Board'
linking...
Program Size: Code=11352 RO-data=808 RW-data=4272 ZI-data=616  
".\output\project.axf" - 0 Error(s), 0 Warning(s).
Build target 'QVGA Base Board'
compiling timer.c...
linking...
Program Size: Code=11352 RO-data=808 RW-data=4272 ZI-data=616  
".\output\project.axf" - 0 Error(s), 0 Warning(s).
Build target 'QVGA Base Board'
linking...
Program Size: Code=11352 RO-data=808 RW-data=4272 ZI-data=616  
".\output\project.axf" - 0 Error(s), 0 Warning(s).
compiling timer.c...
src\timer.c - 0 Error(s), 0 Warning(s).
Build target 'QVGA Base Board'
compiling main.c...
src\main.c(3): error:  #5: cannot open source input file "lcd/lcd_grph.h": No such file or directory
compiling doorbell.c...
src\doorbell.c(3): error:  #5: cannot open source input file "lcd/lcd_hw.h": No such file or directory
compiling sdram.c...
sdram.c: Error:  #5: cannot open source input file "src\lcd\sdram.c": No such file or directory
Target not created
Build target 'QVGA Base Board'
compiling main.c...
src\main.c(3): error:  #5: cannot open source input file "lcd/lcd_grph.h": No such file or directory
compiling doorbell.c...
src\doorbell.c(3): error:  #5: cannot open source input file "lcd/lcd_hw.h": No such file or directory
compiling font5x7.c...
compiling lcd_grph.c...
compiling lcd_hw.c...
src\lcd_hw.c(20): error:  #5: cannot open source input file "../delay.h": No such file or directory
compiling sdram.c...
src\sdram.c(16): error:  #5: cannot open source input file "../delay.h": No such file or directory
Target not created
Build target 'QVGA Base Board'
compiling main.c...
src\main.c(3): error:  #5: cannot open source input file "lcd/lcd_grph.h": No such file or directory
compiling doorbell.c...
src\doorbell.c(3): error:  #5: cannot open source input file "lcd/lcd_hw.h": No such file or directory
compiling lcd_hw.c...
src\lcd_hw.c(20): error:  #5: cannot open source input file "../delay.h": No such file or directory
compiling sdram.c...
src\sdram.c(16): error:  #5: cannot open source input file "../delay.h": No such file or directory
Target not created
Build target 'QVGA Base Board'
compiling main.c...
compiling touch.c...
src\touch.c(30): warning:  #61-D: integer operation result is out of range
src\touch.c(30): warning:  #68-D: integer conversion resulted in a change of sign
src\touch.c(72): warning:  #191-D: type qualifier is meaningless on cast type
compiling timer.c...
compiling doorbell.c...
compiling font5x7.c...
font5x7.c: Error:  #5: cannot open source input file "src\font5x7.c": No such file or directory
Target not created
Build target 'QVGA Base Board'
compiling sdram.c...
compiling lcd_hw.c...
compiling lcd_grph.c...
compiling font5x7.c...
linking...
Program Size: Code=11352 RO-data=808 RW-data=4272 ZI-data=616  
".\output\project.axf" - 0 Error(s), 0 Warning(s).
Build target 'QVGA Base Board'
compiling main.c...
linking...
Program Size: Code=11324 RO-data=808 RW-data=4272 ZI-data=616  
".\output\project.axf" - 0 Error(s), 0 Warning(s).
Load "C:\\Users\\jiaen\\Desktop\\Uni stuff\\ELEC\\DESN2000\\doorbell\\output\\project.AXF" 
Internal DLL Error
